컨텍스트 매니저로 기록한 로그입니다.
